{"logTime": "0706/124717", "correlationVector":"Yyf1iALsbuw3i/57mrGQK1.1","action":"SyncServerConnectionManagerRequest", "result":"SYNC_SERVER_OK", "context":{"environment":"Prod_brazilsouth_prod-s01-034-sam-brazilsouth", "migrationStage":"NotStarted", "server":"akswtt10200000o"}}
{"logTime": "0706/124717", "correlationVector":"Yyf1iALsbuw3i/57mrGQK1.2","action":"ProcessGetUpdates", "result":"Done", "context":{"dataType":"Encryption Keys", "deleted":"0", "process_failed_to_decrypt":"0", "process_pending_decryption":"0", "process_success":"1", "total":"1"}}
{"logTime": "0706/124718", "correlationVector":"kC689BcdwMqdz0RcoVz7jB","action":"SyncServerConnectionManagerRequest", "result":"SYNC_SERVER_ERROR", "context":{"environment":"", "error_type":"http_status_code", "error_value":"400", "migrationStage":"", "server":""}}
{"logTime": "0706/124718", "correlationVector":"Yyf1iALsbuw3i/57mrGQK1","action":"Initial GetUpdates", "result":"", "context":Reason: NEW_CLIENT. cV=Yyf1iALsbuw3i/57mrGQK1}
{"logTime": "0706/124718", "correlationVector":"Yyf1iALsbuw3i/57mrGQK1.3","action":"GetUpdates Response", "result":"Success", "context":Received 1 update(s). cV=Yyf1iALsbuw3i/57mrGQK1.0;server=akswtt10200000o;cloudType=Consumer;environment=Prod_brazilsouth_prod-s01-034-sam-brazilsouth;migrationStage=NotStarted}
{"logTime": "0706/124718", "correlationVector":"/1T8tav1QqnQnd/IwoNMWQ","action":"Initial GetUpdates", "result":"", "context":Reason: NEW_CLIENT. cV=/1T8tav1QqnQnd/IwoNMWQ}
{"logTime": "0706/124719", "correlationVector":"/1T8tav1QqnQnd/IwoNMWQ.1","action":"SyncServerConnectionManagerRequest", "result":"SYNC_SERVER_OK", "context":{"environment":"Prod_brazilsouth_prod-s01-034-sam-brazilsouth", "migrationStage":"NotStarted", "server":"akswtt10200000g"}}
{"logTime": "0706/124719", "correlationVector":"/1T8tav1QqnQnd/IwoNMWQ.2","action":"ProcessGetUpdates", "result":"Done", "context":{"dataType":"Device Info", "deleted":"0", "process_failed_to_decrypt":"0", "process_pending_decryption":"0", "process_success":"8", "total":"8"}}
{"logTime": "0706/124719", "correlationVector":"/1T8tav1QqnQnd/IwoNMWQ.3","action":"GetUpdates Response", "result":"Success", "context":Received 8 update(s). cV=/1T8tav1QqnQnd/IwoNMWQ.0;server=akswtt10200000g;cloudType=Consumer;environment=Prod_brazilsouth_prod-s01-034-sam-brazilsouth;migrationStage=NotStarted}
{"logTime": "0706/124719", "correlationVector":"ldQ0/Ms2qIs7Q1flel18FU","action":"SyncServerConnectionManagerRequest", "result":"SYNC_SERVER_ERROR", "context":{"environment":"", "error_type":"http_status_code", "error_value":"400", "migrationStage":"", "server":""}}
{"logTime": "0706/124719", "correlationVector":"56C0/A2kA523PbFmBmVkkH","action":"Initial GetUpdates", "result":"", "context":Reason: NEW_CLIENT. cV=56C0/A2kA523PbFmBmVkkH}
{"logTime": "0706/124719", "correlationVector":"56C0/A2kA523PbFmBmVkkH.1","action":"SyncServerConnectionManagerRequest", "result":"SYNC_SERVER_OK", "context":{"environment":"Prod_brazilsouth_prod-s01-034-sam-brazilsouth", "migrationStage":"NotStarted", "server":"akswtt102000001"}}
{"logTime": "0706/124719", "correlationVector":"56C0/A2kA523PbFmBmVkkH.2","action":"ProcessGetUpdates", "result":"Done", "context":{"dataType":"Web Apps", "deleted":"0", "process_failed_to_decrypt":"0", "process_pending_decryption":"0", "process_success":"1", "total":"1"}}
{"logTime": "0706/124719", "correlationVector":"56C0/A2kA523PbFmBmVkkH.3","action":"GetUpdates Response", "result":"Success", "context":Received 1 update(s). cV=56C0/A2kA523PbFmBmVkkH.0;server=akswtt102000001;cloudType=Consumer;environment=Prod_brazilsouth_prod-s01-034-sam-brazilsouth;migrationStage=NotStarted}
{"logTime": "0706/124720", "correlationVector":"pIryfwyDWmicV/QeIGSSYg","action":"SyncServerConnectionManagerRequest", "result":"SYNC_SERVER_ERROR", "context":{"environment":"", "error_type":"http_status_code", "error_value":"400", "migrationStage":"", "server":""}}
{"logTime": "0706/124720", "correlationVector":"Ql+qmSpvbjIXqQttJkmWZ3","action":"Normal GetUpdate request", "result":"", "context":cV=Ql+qmSpvbjIXqQttJkmWZ3
Nudged types: Device Info
Refresh requested types: Extensions, Extension settings, Device Info, User Consents, Send Tab To Self, Web Apps, Encryption Keys}
{"logTime": "0706/124720", "correlationVector":"Ql+qmSpvbjIXqQttJkmWZ3.1","action":"SyncServerConnectionManagerRequest", "result":"SYNC_SERVER_OK", "context":{"environment":"Prod_brazilsouth_prod-s01-034-sam-brazilsouth", "migrationStage":"NotStarted", "server":"akswtt10200000e"}}
{"logTime": "0706/124720", "correlationVector":"Ql+qmSpvbjIXqQttJkmWZ3.2","action":"GetUpdates Response", "result":"Success", "context":Received 0 update(s). cV=Ql+qmSpvbjIXqQttJkmWZ3.0;server=akswtt10200000e;cloudType=Consumer;environment=Prod_brazilsouth_prod-s01-034-sam-brazilsouth;migrationStage=NotStarted}
{"logTime": "0706/124720", "correlationVector":"5r3LQAfYyBKdswUV499XEV","action":"DoCompareDataConsistency requsted types: ", "result":"Extensions, Extension settings, Send Tab To Self, Web Apps, Encryption Keys"}
{"logTime": "0706/124720", "correlationVector":"5r3LQAfYyBKdswUV499XEV.0","action":"CompareDataConsistency result: ", "result":"Compare result: Encryption Keys is consistent. local entities count is: 1 local entities hash is: BOnRQ9wO17+ryimor4ZC9GS2eLU="}
{"logTime": "0706/124720", "correlationVector":"5r3LQAfYyBKdswUV499XEV.1","action":"CompareDataConsistency result: ", "result":"Compare result: Extensions is consistent. local entities count is: 0 local entities hash is: "}
{"logTime": "0706/124720", "correlationVector":"5r3LQAfYyBKdswUV499XEV.2","action":"CompareDataConsistency result: ", "result":"Compare result: Extension settings is consistent. local entities count is: 0 local entities hash is: "}
{"logTime": "0706/124720", "correlationVector":"5r3LQAfYyBKdswUV499XEV.3","action":"CompareDataConsistency result: ", "result":"Server did not send this Send Tab To Self local entities count is: 0 local entities hash is: "}
{"logTime": "0706/124720", "correlationVector":"5r3LQAfYyBKdswUV499XEV.4","action":"CompareDataConsistency result: ", "result":"Compare result: Web Apps is consistent. local entities count is: 1 local entities hash is: ds6+M2he0CMx8AuQtPIFGjMiDy8="}
{"logTime": "0706/124720", "correlationVector":"TdgSpNbWBH+wun5c5uDlLN","action":"Commit Request", "result":"", "context":Item count: 1
Contributing types: Device Info}
{"logTime": "0706/124721", "correlationVector":"TdgSpNbWBH+wun5c5uDlLN.1","action":"SyncServerConnectionManagerRequest", "result":"SYNC_SERVER_OK", "context":{"environment":"Prod_brazilsouth_prod-s01-034-sam-brazilsouth", "migrationStage":"NotStarted", "server":"akswtt10200000d"}}
{"logTime": "0706/124721", "correlationVector":"TdgSpNbWBH+wun5c5uDlLN.2","action":"Commit Response", "result":"Success", "context":Result: Success. cV=TdgSpNbWBH+wun5c5uDlLN.0;server=akswtt10200000d;cloudType=Consumer;environment=Prod_brazilsouth_prod-s01-034-sam-brazilsouth;migrationStage=NotStarted}
{"logTime": "0706/124721", "correlationVector":"yGrDyh0OWCSwXfAbErPo+Z","action":"SyncServerConnectionManagerRequest", "result":"SYNC_SERVER_ERROR", "context":{"environment":"", "error_type":"http_status_code", "error_value":"400", "migrationStage":"", "server":""}}
{"logTime": "0706/124721", "correlationVector":"","action":"DIAGNOSTIC_REQUEST|v1/diagnosticData/Diagnostic.SendCheckResult()|SUCCESS", "result":""}
{"logTime": "0706/124746", "correlationVector":"","action":"Microsoft.Sync.State.UserActionableError.30Sec", "result":"Error:7"}
{"logTime": "0706/124746", "correlationVector":"","action":"Microsoft.Sync.State.Existing.UserActionableError.30Sec", "result":"Error:7"}
