2026-07-06 12:41:57.677: [INFO] VisibilityChanged: 0
2026-07-06 12:41:57.744: [INFO] BookmarkModelLoaded, ids_reassigned: 0
2026-07-06 12:41:57.744: [INFO] OnDoneLoading sync enabled: 0
2026-07-06 12:43:25.350: [INFO] VisibilityChanged: 0
2026-07-06 12:43:25.417: [INFO] BookmarkModelLoaded, ids_reassigned: 0
2026-07-06 12:43:25.417: [INFO] OnDoneLoading sync enabled: 0
2026-07-06 12:47:16.034: [INFO] VisibilityChanged: 0
2026-07-06 12:47:16.088: [INFO] RecordSyncInitDuration has_sync_been_enabled: 0 state: 3
2026-07-06 12:47:16.089: [INFO] RecordSyncInitDuration has_sync_been_enabled: 0 state: 3
2026-07-06 12:47:16.090: [INFO] RecordSyncInitDuration has_sync_been_enabled: 0 state: 3
2026-07-06 12:47:16.092: [INFO] RecordSyncInitDuration has_sync_been_enabled: 0 state: 3
2026-07-06 12:47:16.093: [INFO] RecordSyncInitDuration has_sync_been_enabled: 0 state: 3
2026-07-06 12:47:16.094: [INFO] RecordSyncInitDuration has_sync_been_enabled: 0 state: 3
2026-07-06 12:47:16.095: [INFO] RecordSyncInitDuration has_sync_been_enabled: 0 state: 3
2026-07-06 12:47:16.096: [INFO] RecordSyncInitDuration has_sync_been_enabled: 0 state: 3
2026-07-06 12:47:16.097: [INFO] RecordSyncInitDuration has_sync_been_enabled: 0 state: 3
2026-07-06 12:47:16.097: [INFO] RecordSyncInitDuration has_sync_been_enabled: 0 state: 3
2026-07-06 12:47:16.108: [INFO] BookmarkModelLoaded, ids_reassigned: 0
2026-07-06 12:47:16.108: [INFO] OnDoneLoading sync enabled: 0
2026-07-06 12:47:16.195: [INFO] RecordSyncInitDuration has_sync_been_enabled: 0 state: 3
2026-07-06 12:47:17.740: [INFO] RecordSyncInitDuration has_sync_been_enabled: 0 state: 3
2026-07-06 12:47:17.741: [INFO] RecordSyncInitDuration has_sync_been_enabled: 0 state: 3
2026-07-06 12:47:17.742: [INFO] RecordSyncInitDuration has_sync_been_enabled: 0 state: 3
2026-07-06 12:47:17.743: [INFO] RecordSyncInitDuration has_sync_been_enabled: 0 state: 3
2026-07-06 12:47:17.744: [INFO] RecordSyncInitDuration has_sync_been_enabled: 0 state: 3
2026-07-06 12:47:17.745: [INFO] RecordSyncInitDuration has_sync_been_enabled: 0 state: 3
2026-07-06 12:47:17.746: [INFO] RecordSyncInitDuration has_sync_been_enabled: 0 state: 5
2026-07-06 12:47:17.747: [INFO] RecordSyncInitDuration has_sync_been_enabled: 0 state: 5
2026-07-06 12:47:18.066: [INFO] RecordSyncInitDuration has_sync_been_enabled: 0 state: 5
2026-07-06 12:47:18.512: [INFO] RecordSyncInitDuration has_sync_been_enabled: 0 state: 5
2026-07-06 12:47:19.184: [INFO] RecordSyncInitDuration has_sync_been_enabled: 0 state: 5
2026-07-06 12:47:19.498: [INFO] RecordSyncInitDuration has_sync_been_enabled: 0 state: 5
2026-07-06 12:47:19.853: [INFO] RecordSyncInitDuration has_sync_been_enabled: 0 state: 5
2026-07-06 12:47:19.854: [INFO] RecordSyncInitDuration has_sync_been_enabled: 0 state: 6
2026-07-06 12:47:20.186: [INFO] RecordSyncInitDuration has_sync_been_enabled: 0 state: 6
2026-07-06 12:47:20.186: [INFO] RecordSyncInitDuration has_sync_been_enabled: 0 state: 6
2026-07-06 12:47:21.427: [INFO] RecordSyncInitDuration has_sync_been_enabled: 0 state: 6
2026-07-06 12:47:21.437: [INFO] RecordSyncInitDuration has_sync_been_enabled: 0 state: 6
2026-07-06 12:47:21.784: [INFO] RecordSyncInitDuration has_sync_been_enabled: 0 state: 6
2026-07-06 12:47:21.785: [INFO] RecordSyncInitDuration has_sync_been_enabled: 0 state: 6
2026-07-06 12:47:21.985: [INFO] RecordSyncInitDuration has_sync_been_enabled: 0 state: 6
2026-07-06 12:47:25.235: [INFO] RecordSyncInitDuration has_sync_been_enabled: 0 state: 6
2026-07-06 12:48:08.226: [INFO] VisibilityChanged: 0
2026-07-06 12:48:08.301: [INFO] BookmarkModelLoaded, ids_reassigned: 0
2026-07-06 12:48:08.301: [INFO] OnDoneLoading sync enabled: 0
2026-07-06 12:48:40.075: [INFO] VisibilityChanged: 0
2026-07-06 12:48:40.118: [INFO] BookmarkModelLoaded, ids_reassigned: 0
2026-07-06 12:48:40.119: [INFO] OnDoneLoading sync enabled: 0
2026-07-06 12:50:59.637: [INFO] VisibilityChanged: 0
2026-07-06 12:50:59.682: [INFO] BookmarkModelLoaded, ids_reassigned: 0
2026-07-06 12:50:59.682: [INFO] OnDoneLoading sync enabled: 0
2026-07-06 12:51:37.208: [INFO] VisibilityChanged: 0
2026-07-06 12:51:37.223: [INFO] BookmarkModelLoaded, ids_reassigned: 0
2026-07-06 12:51:37.223: [INFO] OnDoneLoading sync enabled: 0
2026-07-06 13:14:10.835: [INFO] VisibilityChanged: 0
2026-07-06 13:14:10.864: [INFO] BookmarkModelLoaded, ids_reassigned: 0
2026-07-06 13:14:10.864: [INFO] OnDoneLoading sync enabled: 0
2026-07-06 13:56:42.946: [INFO] VisibilityChanged: 0
2026-07-06 13:56:42.964: [INFO] BookmarkModelLoaded, ids_reassigned: 0
2026-07-06 13:56:42.964: [INFO] OnDoneLoading sync enabled: 0
2026-07-06 13:59:53.450: [INFO] VisibilityChanged: 0
2026-07-06 13:59:53.467: [INFO] BookmarkModelLoaded, ids_reassigned: 0
2026-07-06 13:59:53.467: [INFO] OnDoneLoading sync enabled: 0
2026-07-06 14:27:31.418: [INFO] VisibilityChanged: 0
2026-07-06 14:27:31.436: [INFO] BookmarkModelLoaded, ids_reassigned: 0
2026-07-06 14:27:31.436: [INFO] OnDoneLoading sync enabled: 0
2026-07-06 14:32:47.758: [INFO] VisibilityChanged: 0
2026-07-06 14:32:47.775: [INFO] BookmarkModelLoaded, ids_reassigned: 0
2026-07-06 14:32:47.775: [INFO] OnDoneLoading sync enabled: 0
2026-07-06 14:51:01.709: [INFO] VisibilityChanged: 0
2026-07-06 14:51:01.727: [INFO] BookmarkModelLoaded, ids_reassigned: 0
2026-07-06 14:51:01.727: [INFO] OnDoneLoading sync enabled: 0
2026-07-06 14:56:05.054: [INFO] VisibilityChanged: 0
2026-07-06 14:56:05.073: [INFO] BookmarkModelLoaded, ids_reassigned: 0
2026-07-06 14:56:05.073: [INFO] OnDoneLoading sync enabled: 0
2026-07-06 15:17:29.845: [INFO] VisibilityChanged: 0
2026-07-06 15:17:29.861: [INFO] BookmarkModelLoaded, ids_reassigned: 0
2026-07-06 15:17:29.861: [INFO] OnDoneLoading sync enabled: 0
2026-07-06 15:28:53.299: [INFO] VisibilityChanged: 0
2026-07-06 15:28:53.315: [INFO] BookmarkModelLoaded, ids_reassigned: 0
2026-07-06 15:28:53.315: [INFO] OnDoneLoading sync enabled: 0
2026-07-06 19:20:12.464: [INFO] VisibilityChanged: 0
2026-07-06 19:20:12.482: [INFO] BookmarkModelLoaded, ids_reassigned: 0
2026-07-06 19:20:12.482: [INFO] OnDoneLoading sync enabled: 0
2026-07-06 19:29:54.725: [INFO] VisibilityChanged: 0
2026-07-06 19:29:54.741: [INFO] BookmarkModelLoaded, ids_reassigned: 0
2026-07-06 19:29:54.741: [INFO] OnDoneLoading sync enabled: 0
2026-07-06 19:39:55.440: [INFO] VisibilityChanged: 0
2026-07-06 19:39:55.456: [INFO] BookmarkModelLoaded, ids_reassigned: 0
2026-07-06 19:39:55.456: [INFO] OnDoneLoading sync enabled: 0
2026-07-06 19:49:55.807: [INFO] VisibilityChanged: 0
2026-07-06 19:49:55.823: [INFO] BookmarkModelLoaded, ids_reassigned: 0
2026-07-06 19:49:55.823: [INFO] OnDoneLoading sync enabled: 0
2026-07-06 20:30:10.663: [INFO] VisibilityChanged: 0
2026-07-06 20:30:10.679: [INFO] BookmarkModelLoaded, ids_reassigned: 0
2026-07-06 20:30:10.679: [INFO] OnDoneLoading sync enabled: 0
2026-07-06 20:39:30.264: [INFO] VisibilityChanged: 0
2026-07-06 20:39:30.278: [INFO] BookmarkModelLoaded, ids_reassigned: 0
2026-07-06 20:39:30.278: [INFO] OnDoneLoading sync enabled: 0
2026-07-07 01:24:33.275: [INFO] VisibilityChanged: 0
2026-07-07 01:24:33.290: [INFO] BookmarkModelLoaded, ids_reassigned: 0
2026-07-07 01:24:33.290: [INFO] OnDoneLoading sync enabled: 0
2026-07-07 02:18:40.349: [INFO] VisibilityChanged: 0
2026-07-07 02:18:40.362: [INFO] BookmarkModelLoaded, ids_reassigned: 0
2026-07-07 02:18:40.362: [INFO] OnDoneLoading sync enabled: 0
2026-07-07 10:33:52.242: [INFO] VisibilityChanged: 0
2026-07-07 10:33:52.265: [INFO] BookmarkModelLoaded, ids_reassigned: 0
2026-07-07 10:33:52.265: [INFO] OnDoneLoading sync enabled: 0
2026-07-07 11:08:31.805: [INFO] VisibilityChanged: 0
2026-07-07 11:08:31.823: [INFO] BookmarkModelLoaded, ids_reassigned: 0
2026-07-07 11:08:31.823: [INFO] OnDoneLoading sync enabled: 0
2026-07-07 11:53:41.790: [INFO] VisibilityChanged: 0
2026-07-07 11:53:41.804: [INFO] BookmarkModelLoaded, ids_reassigned: 0
2026-07-07 11:53:41.805: [INFO] OnDoneLoading sync enabled: 0
2026-07-08 18:08:34.366: [INFO] VisibilityChanged: 0
2026-07-08 18:08:34.394: [INFO] BookmarkModelLoaded, ids_reassigned: 0
2026-07-08 18:08:34.394: [INFO] OnDoneLoading sync enabled: 0
2026-07-09 00:46:31.698: [INFO] VisibilityChanged: 0
2026-07-09 00:46:31.714: [INFO] BookmarkModelLoaded, ids_reassigned: 0
2026-07-09 00:46:31.714: [INFO] OnDoneLoading sync enabled: 0
2026-07-09 10:26:15.056: [INFO] VisibilityChanged: 0
2026-07-09 10:26:15.079: [INFO] BookmarkModelLoaded, ids_reassigned: 0
2026-07-09 10:26:15.079: [INFO] OnDoneLoading sync enabled: 0
2026-07-09 11:00:47.647: [INFO] VisibilityChanged: 0
2026-07-09 11:00:47.661: [INFO] BookmarkModelLoaded, ids_reassigned: 0
2026-07-09 11:00:47.661: [INFO] OnDoneLoading sync enabled: 0
2026-07-10 10:48:18.527: [INFO] VisibilityChanged: 0
2026-07-10 10:48:18.543: [INFO] BookmarkModelLoaded, ids_reassigned: 0
2026-07-10 10:48:18.543: [INFO] OnDoneLoading sync enabled: 0
2026-07-10 10:49:47.917: [INFO] VisibilityChanged: 0
2026-07-10 10:49:47.947: [INFO] BookmarkModelLoaded, ids_reassigned: 0
2026-07-10 10:49:47.947: [INFO] OnDoneLoading sync enabled: 0
2026-07-10 13:35:42.570: [INFO] VisibilityChanged: 0
2026-07-10 13:35:42.587: [INFO] BookmarkModelLoaded, ids_reassigned: 0
2026-07-10 13:35:42.587: [INFO] OnDoneLoading sync enabled: 0
2026-07-10 14:01:50.936: [INFO] VisibilityChanged: 0
2026-07-10 14:01:50.951: [INFO] BookmarkModelLoaded, ids_reassigned: 0
2026-07-10 14:01:50.951: [INFO] OnDoneLoading sync enabled: 0
2026-07-10 14:04:22.264: [INFO] VisibilityChanged: 0
2026-07-10 14:04:22.296: [INFO] BookmarkModelLoaded, ids_reassigned: 0
2026-07-10 14:04:22.296: [INFO] OnDoneLoading sync enabled: 0
2026-07-10 16:18:13.336: [INFO] VisibilityChanged: 0
2026-07-10 16:18:13.351: [INFO] BookmarkModelLoaded, ids_reassigned: 0
2026-07-10 16:18:13.351: [INFO] OnDoneLoading sync enabled: 0
2026-07-10 17:45:47.538: [INFO] VisibilityChanged: 0
2026-07-10 17:45:47.556: [INFO] BookmarkModelLoaded, ids_reassigned: 0
2026-07-10 17:45:47.556: [INFO] OnDoneLoading sync enabled: 0
2026-07-11 17:16:20.997: [INFO] VisibilityChanged: 0
2026-07-11 17:16:21.359: [INFO] BookmarkModelLoaded, ids_reassigned: 0
2026-07-11 17:16:21.359: [INFO] OnDoneLoading sync enabled: 0
2026-07-11 18:32:10.473: [INFO] VisibilityChanged: 0
2026-07-11 18:32:10.488: [INFO] BookmarkModelLoaded, ids_reassigned: 0
2026-07-11 18:32:10.488: [INFO] OnDoneLoading sync enabled: 0
2026-07-12 00:04:44.787: [INFO] VisibilityChanged: 0
2026-07-12 00:04:44.803: [INFO] BookmarkModelLoaded, ids_reassigned: 0
2026-07-12 00:04:44.803: [INFO] OnDoneLoading sync enabled: 0
2026-07-12 12:32:02.146: [INFO] VisibilityChanged: 0
2026-07-12 12:32:02.175: [INFO] BookmarkModelLoaded, ids_reassigned: 0
2026-07-12 12:32:02.175: [INFO] OnDoneLoading sync enabled: 0
2026-07-12 13:32:07.307: [INFO] VisibilityChanged: 0
2026-07-12 13:32:07.321: [INFO] BookmarkModelLoaded, ids_reassigned: 0
2026-07-12 13:32:07.321: [INFO] OnDoneLoading sync enabled: 0
2026-07-12 16:13:55.112: [INFO] VisibilityChanged: 0
2026-07-12 16:13:55.126: [INFO] BookmarkModelLoaded, ids_reassigned: 0
2026-07-12 16:13:55.126: [INFO] OnDoneLoading sync enabled: 0
2026-07-12 16:52:10.471: [INFO] VisibilityChanged: 0
2026-07-12 16:52:10.493: [INFO] BookmarkModelLoaded, ids_reassigned: 0
2026-07-12 16:52:10.493: [INFO] OnDoneLoading sync enabled: 0
2026-07-14 12:36:32.032: [INFO] VisibilityChanged: 0
2026-07-14 12:36:32.060: [INFO] BookmarkModelLoaded, ids_reassigned: 0
2026-07-14 12:36:32.060: [INFO] OnDoneLoading sync enabled: 0
2026-07-14 15:47:39.035: [INFO] VisibilityChanged: 0
2026-07-14 15:47:39.047: [INFO] BookmarkModelLoaded, ids_reassigned: 0
2026-07-14 15:47:39.047: [INFO] OnDoneLoading sync enabled: 0
2026-07-14 20:37:16.482: [INFO] VisibilityChanged: 0
2026-07-14 20:37:16.500: [INFO] BookmarkModelLoaded, ids_reassigned: 0
2026-07-14 20:37:16.500: [INFO] OnDoneLoading sync enabled: 0
2026-07-14 22:59:41.110: [INFO] VisibilityChanged: 0
2026-07-14 22:59:41.123: [INFO] BookmarkModelLoaded, ids_reassigned: 0
2026-07-14 22:59:41.123: [INFO] OnDoneLoading sync enabled: 0
2026-07-15 12:04:27.374: [INFO] VisibilityChanged: 0
2026-07-15 12:04:27.421: [INFO] BookmarkModelLoaded, ids_reassigned: 0
2026-07-15 12:04:27.421: [INFO] OnDoneLoading sync enabled: 0
2026-07-15 12:08:40.775: [INFO] VisibilityChanged: 0
2026-07-15 12:08:40.797: [INFO] BookmarkModelLoaded, ids_reassigned: 0
2026-07-15 12:08:40.797: [INFO] OnDoneLoading sync enabled: 0
2026-07-15 18:10:42.544: [INFO] VisibilityChanged: 0
2026-07-15 18:10:42.610: [INFO] BookmarkModelLoaded, ids_reassigned: 0
2026-07-15 18:10:42.610: [INFO] OnDoneLoading sync enabled: 0
2026-07-15 19:07:31.953: [INFO] VisibilityChanged: 0
2026-07-15 19:07:32.556: [INFO] BookmarkModelLoaded, ids_reassigned: 0
2026-07-15 19:07:32.556: [INFO] OnDoneLoading sync enabled: 0
2026-07-15 20:02:43.990: [INFO] VisibilityChanged: 0
2026-07-15 20:02:44.020: [INFO] BookmarkModelLoaded, ids_reassigned: 0
2026-07-15 20:02:44.020: [INFO] OnDoneLoading sync enabled: 0
2026-07-16 12:20:17.343: [INFO] VisibilityChanged: 0
2026-07-16 12:20:17.373: [INFO] BookmarkModelLoaded, ids_reassigned: 0
2026-07-16 12:20:17.373: [INFO] OnDoneLoading sync enabled: 0
2026-07-16 14:47:31.688: [INFO] VisibilityChanged: 0
2026-07-16 14:47:31.703: [INFO] BookmarkModelLoaded, ids_reassigned: 0
2026-07-16 14:47:31.703: [INFO] OnDoneLoading sync enabled: 0
2026-07-16 16:48:09.373: [INFO] VisibilityChanged: 0
2026-07-16 16:48:09.389: [INFO] BookmarkModelLoaded, ids_reassigned: 0
2026-07-16 16:48:09.389: [INFO] OnDoneLoading sync enabled: 0
2026-07-16 18:10:19.824: [INFO] VisibilityChanged: 0
2026-07-16 18:10:19.842: [INFO] BookmarkModelLoaded, ids_reassigned: 0
2026-07-16 18:10:19.842: [INFO] OnDoneLoading sync enabled: 0
2026-07-16 23:19:26.096: [INFO] VisibilityChanged: 0
2026-07-16 23:19:26.136: [INFO] BookmarkModelLoaded, ids_reassigned: 0
2026-07-16 23:19:26.136: [INFO] OnDoneLoading sync enabled: 0
2026-07-17 01:36:26.817: [INFO] VisibilityChanged: 0
2026-07-17 01:36:26.836: [INFO] BookmarkModelLoaded, ids_reassigned: 0
2026-07-17 01:36:26.836: [INFO] OnDoneLoading sync enabled: 0
2026-07-17 02:59:03.504: [INFO] VisibilityChanged: 0
2026-07-17 02:59:03.522: [INFO] BookmarkModelLoaded, ids_reassigned: 0
2026-07-17 02:59:03.522: [INFO] OnDoneLoading sync enabled: 0
2026-07-17 12:25:12.193: [INFO] VisibilityChanged: 0
2026-07-17 12:25:12.218: [INFO] BookmarkModelLoaded, ids_reassigned: 0
2026-07-17 12:25:12.218: [INFO] OnDoneLoading sync enabled: 0
2026-07-18 00:39:39.707: [INFO] VisibilityChanged: 0
2026-07-18 00:39:39.746: [INFO] BookmarkModelLoaded, ids_reassigned: 0
2026-07-18 00:39:39.746: [INFO] OnDoneLoading sync enabled: 0
2026-07-18 11:37:47.358: [INFO] VisibilityChanged: 0
2026-07-18 11:37:47.381: [INFO] BookmarkModelLoaded, ids_reassigned: 0
2026-07-18 11:37:47.381: [INFO] OnDoneLoading sync enabled: 0
2026-07-19 02:30:27.752: [INFO] VisibilityChanged: 0
2026-07-19 02:30:27.784: [INFO] BookmarkModelLoaded, ids_reassigned: 0
2026-07-19 02:30:27.784: [INFO] OnDoneLoading sync enabled: 0
2026-07-19 03:35:04.343: [INFO] VisibilityChanged: 0
2026-07-19 03:35:04.368: [INFO] BookmarkModelLoaded, ids_reassigned: 0
2026-07-19 03:35:04.368: [INFO] OnDoneLoading sync enabled: 0
2026-07-19 07:11:04.119: [INFO] VisibilityChanged: 0
2026-07-19 07:11:04.149: [INFO] BookmarkModelLoaded, ids_reassigned: 0
2026-07-19 07:11:04.149: [INFO] OnDoneLoading sync enabled: 0
2026-07-20 11:07:54.121: [INFO] VisibilityChanged: 0
2026-07-20 11:07:54.167: [INFO] BookmarkModelLoaded, ids_reassigned: 0
2026-07-20 11:07:54.167: [INFO] OnDoneLoading sync enabled: 0
2026-07-21 03:46:29.323: [INFO] VisibilityChanged: 0
2026-07-21 03:46:29.340: [INFO] BookmarkModelLoaded, ids_reassigned: 0
2026-07-21 03:46:29.340: [INFO] OnDoneLoading sync enabled: 0
2026-07-21 13:00:50.973: [INFO] VisibilityChanged: 0
2026-07-21 13:00:50.984: [INFO] BookmarkModelLoaded, ids_reassigned: 0
2026-07-21 13:00:50.984: [INFO] OnDoneLoading sync enabled: 0
2026-07-21 15:32:49.840: [INFO] VisibilityChanged: 0
2026-07-21 15:32:49.880: [INFO] BookmarkModelLoaded, ids_reassigned: 0
2026-07-21 15:32:49.880: [INFO] OnDoneLoading sync enabled: 0
2026-07-22 13:43:05.667: [INFO] VisibilityChanged: 0
2026-07-22 13:43:05.697: [INFO] BookmarkModelLoaded, ids_reassigned: 0
2026-07-22 13:43:05.697: [INFO] OnDoneLoading sync enabled: 0
2026-07-22 13:44:40.092: [INFO] VisibilityChanged: 0
2026-07-22 13:44:40.123: [INFO] BookmarkModelLoaded, ids_reassigned: 0
2026-07-22 13:44:40.123: [INFO] OnDoneLoading sync enabled: 0
2026-07-22 16:30:55.980: [INFO] VisibilityChanged: 0
2026-07-22 16:30:55.994: [INFO] BookmarkModelLoaded, ids_reassigned: 0
2026-07-22 16:30:55.994: [INFO] OnDoneLoading sync enabled: 0
2026-07-23 00:43:52.506: [INFO] VisibilityChanged: 0
2026-07-23 00:43:52.621: [INFO] BookmarkModelLoaded, ids_reassigned: 0
2026-07-23 00:43:52.621: [INFO] OnDoneLoading sync enabled: 0
2026-07-23 14:38:06.575: [INFO] VisibilityChanged: 0
2026-07-23 14:38:06.595: [INFO] BookmarkModelLoaded, ids_reassigned: 0
2026-07-23 14:38:06.595: [INFO] OnDoneLoading sync enabled: 0
2026-07-24 11:21:16.699: [INFO] VisibilityChanged: 0
2026-07-24 11:21:16.726: [INFO] BookmarkModelLoaded, ids_reassigned: 0
2026-07-24 11:21:16.726: [INFO] OnDoneLoading sync enabled: 0
2026-07-26 14:43:34.860: [INFO] VisibilityChanged: 0
2026-07-26 14:43:34.877: [INFO] BookmarkModelLoaded, ids_reassigned: 0
2026-07-26 14:43:34.877: [INFO] OnDoneLoading sync enabled: 0
2026-07-27 02:42:23.202: [INFO] VisibilityChanged: 0
2026-07-27 02:42:23.226: [INFO] BookmarkModelLoaded, ids_reassigned: 0
2026-07-27 02:42:23.226: [INFO] OnDoneLoading sync enabled: 0
2026-07-27 10:56:14.015: [INFO] VisibilityChanged: 0
2026-07-27 10:56:14.072: [INFO] BookmarkModelLoaded, ids_reassigned: 0
2026-07-27 10:56:14.072: [INFO] OnDoneLoading sync enabled: 0
2026-07-28 11:23:39.516: [INFO] VisibilityChanged: 0
2026-07-28 11:23:39.557: [INFO] BookmarkModelLoaded, ids_reassigned: 0
2026-07-28 11:23:39.557: [INFO] OnDoneLoading sync enabled: 0
2026-07-28 17:12:13.272: [INFO] VisibilityChanged: 0
2026-07-28 17:12:13.293: [INFO] BookmarkModelLoaded, ids_reassigned: 0
2026-07-28 17:12:13.293: [INFO] OnDoneLoading sync enabled: 0
2026-07-28 20:15:27.227: [INFO] VisibilityChanged: 0
2026-07-28 20:15:27.242: [INFO] BookmarkModelLoaded, ids_reassigned: 0
2026-07-28 20:15:27.242: [INFO] OnDoneLoading sync enabled: 0
2026-07-28 23:30:42.367: [INFO] VisibilityChanged: 0
2026-07-28 23:30:42.412: [INFO] BookmarkModelLoaded, ids_reassigned: 0
2026-07-28 23:30:42.412: [INFO] OnDoneLoading sync enabled: 0
2026-07-28 23:39:30.982: [INFO] VisibilityChanged: 0
2026-07-28 23:39:31.055: [INFO] BookmarkModelLoaded, ids_reassigned: 0
2026-07-28 23:39:31.055: [INFO] OnDoneLoading sync enabled: 0
2026-07-29 12:54:59.347: [INFO] VisibilityChanged: 0
2026-07-29 12:54:59.375: [INFO] BookmarkModelLoaded, ids_reassigned: 0
2026-07-29 12:54:59.375: [INFO] OnDoneLoading sync enabled: 0
2026-07-29 23:10:25.623: [INFO] VisibilityChanged: 0
2026-07-29 23:10:25.659: [INFO] BookmarkModelLoaded, ids_reassigned: 0
2026-07-29 23:10:25.659: [INFO] OnDoneLoading sync enabled: 0
2026-07-30 14:31:14.507: [INFO] VisibilityChanged: 0
2026-07-30 14:31:14.529: [INFO] BookmarkModelLoaded, ids_reassigned: 0
2026-07-30 14:31:14.529: [INFO] OnDoneLoading sync enabled: 0
2026-07-31 00:31:41.599: [INFO] VisibilityChanged: 0
2026-07-31 00:31:41.628: [INFO] BookmarkModelLoaded, ids_reassigned: 0
2026-07-31 00:31:41.628: [INFO] OnDoneLoading sync enabled: 0
2026-07-31 11:03:08.826: [INFO] VisibilityChanged: 0
2026-07-31 11:03:08.851: [INFO] BookmarkModelLoaded, ids_reassigned: 0
2026-07-31 11:03:08.851: [INFO] OnDoneLoading sync enabled: 0
2026-08-01 12:18:03.833: [INFO] VisibilityChanged: 0
2026-08-01 12:18:03.860: [INFO] BookmarkModelLoaded, ids_reassigned: 0
2026-08-01 12:18:03.860: [INFO] OnDoneLoading sync enabled: 0
2026-08-02 11:43:31.598: [INFO] CurrentProfilePath: C:\Users\Micael\Documents\telegram_to_x_project\telegram_to_x\storage\x_profile\Default
2026-08-02 11:43:31.598: [INFO] Profiles total count: 1
2026-08-02 11:43:31.598: [INFO] Profile: name=Pessoal path=C:\Users\Micael\Documents\telegram_to_x_project\telegram_to_x\storage\x_profile\Default lastActive=2026-08-01T12:18:03.843Z
2026-08-02 11:43:31.598: [INFO] LastUsedProfileDir: C:\Users\Micael\Documents\telegram_to_x_project\telegram_to_x\storage\x_profile\Default
2026-08-02 11:43:31.598: [INFO] MostRecentlyActiveProfile: name=Pessoal path=C:\Users\Micael\Documents\telegram_to_x_project\telegram_to_x\storage\x_profile\Default lastActive=2026-08-01T12:18:03.843Z
2026-08-02 11:43:31.598: [INFO] VisibilityChanged: 0
2026-08-02 11:43:31.615: [INFO] OnDoneLoading sync enabled: 0
2026-08-02 11:43:31.615: [INFO] BookmarkModelLoaded, ids_reassigned: 0
2026-08-02 11:43:31.615: [INFO] BookmarksLoadDropped droppedNodes=0
2026-08-02 11:43:31.615: [INFO] BookmarksSnapshot Startup total=0 bar=0 other=0 mobile=0 showBar=0 showBarNTP=1
2026-08-02 19:42:27.122: [INFO] BookmarksSnapshot Shutdown total=0 bar=0 other=0 mobile=0 showBar=0 showBarNTP=1
2026-08-02 20:02:07.108: [INFO] CurrentProfilePath: C:\Users\Micael\Documents\telegram_to_x_project - Copia\telegram_to_x\storage\x_profile\Default
2026-08-02 20:02:07.108: [INFO] Profiles total count: 1
2026-08-02 20:02:07.112: [INFO] Profile: name=Pessoal path=C:\Users\Micael\Documents\telegram_to_x_project - Copia\telegram_to_x\storage\x_profile\Default lastActive=2026-08-02T11:43:31.610Z
2026-08-02 20:02:07.112: [INFO] LastUsedProfileDir: C:\Users\Micael\Documents\telegram_to_x_project - Copia\telegram_to_x\storage\x_profile\Default
2026-08-02 20:02:07.112: [INFO] MostRecentlyActiveProfile: name=Pessoal path=C:\Users\Micael\Documents\telegram_to_x_project - Copia\telegram_to_x\storage\x_profile\Default lastActive=2026-08-02T11:43:31.610Z
2026-08-02 20:02:07.112: [INFO] VisibilityChanged: 0
2026-08-02 20:02:07.136: [INFO] OnDoneLoading sync enabled: 0
2026-08-02 20:02:07.136: [INFO] BookmarkModelLoaded, ids_reassigned: 0
2026-08-02 20:02:07.136: [INFO] BookmarksLoadDropped droppedNodes=0
2026-08-02 20:02:07.136: [INFO] BookmarksSnapshot Startup total=0 bar=0 other=0 mobile=0 showBar=0 showBarNTP=1
2026-08-02 20:04:22.154: [INFO] BookmarksSnapshot Shutdown total=0 bar=0 other=0 mobile=0 showBar=0 showBarNTP=1
2026-08-02 20:07:28.204: [INFO] CurrentProfilePath: C:\Users\Micael\Documents\telegram_to_x_project - Copia\telegram_to_x\storage\x_profile\Default
2026-08-02 20:07:28.204: [INFO] Profiles total count: 1
2026-08-02 20:07:28.205: [INFO] Profile: name=Pessoal path=C:\Users\Micael\Documents\telegram_to_x_project - Copia\telegram_to_x\storage\x_profile\Default lastActive=2026-08-02T20:04:25.714Z
2026-08-02 20:07:28.205: [INFO] LastUsedProfileDir: C:\Users\Micael\Documents\telegram_to_x_project - Copia\telegram_to_x\storage\x_profile\Default
2026-08-02 20:07:28.205: [INFO] MostRecentlyActiveProfile: name=Pessoal path=C:\Users\Micael\Documents\telegram_to_x_project - Copia\telegram_to_x\storage\x_profile\Default lastActive=2026-08-02T20:04:25.714Z
2026-08-02 20:07:28.205: [INFO] VisibilityChanged: 0
2026-08-02 20:07:28.263: [INFO] OnDoneLoading sync enabled: 0
2026-08-02 20:07:28.263: [INFO] BookmarkModelLoaded, ids_reassigned: 0
2026-08-02 20:07:28.263: [INFO] BookmarksLoadDropped droppedNodes=0
2026-08-02 20:07:28.263: [INFO] BookmarksSnapshot Startup total=0 bar=0 other=0 mobile=0 showBar=0 showBarNTP=1
2026-08-02 20:07:53.023: [INFO] BookmarksSnapshot Shutdown total=0 bar=0 other=0 mobile=0 showBar=0 showBarNTP=1
2026-08-02 20:08:10.983: [INFO] CurrentProfilePath: C:\Users\Micael\Documents\telegram_to_x_project - Copia\telegram_to_x\storage\x_profile\Default
2026-08-02 20:08:10.983: [INFO] Profiles total count: 1
2026-08-02 20:08:10.983: [INFO] Profile: name=Pessoal path=C:\Users\Micael\Documents\telegram_to_x_project - Copia\telegram_to_x\storage\x_profile\Default lastActive=2026-08-02T20:07:44.985Z
2026-08-02 20:08:10.983: [INFO] LastUsedProfileDir: C:\Users\Micael\Documents\telegram_to_x_project - Copia\telegram_to_x\storage\x_profile\Default
2026-08-02 20:08:10.983: [INFO] MostRecentlyActiveProfile: name=Pessoal path=C:\Users\Micael\Documents\telegram_to_x_project - Copia\telegram_to_x\storage\x_profile\Default lastActive=2026-08-02T20:07:44.985Z
2026-08-02 20:08:10.983: [INFO] VisibilityChanged: 0
2026-08-02 20:08:10.999: [INFO] OnDoneLoading sync enabled: 0
2026-08-02 20:08:10.999: [INFO] BookmarkModelLoaded, ids_reassigned: 0
2026-08-02 20:08:10.999: [INFO] BookmarksLoadDropped droppedNodes=0
2026-08-02 20:08:10.999: [INFO] BookmarksSnapshot Startup total=0 bar=0 other=0 mobile=0 showBar=0 showBarNTP=1
2026-08-03 11:47:34.697: [INFO] CurrentProfilePath: C:\Users\Micael\Documents\telegram_to_x_project - Copia\telegram_to_x\storage\x_profile\Default
2026-08-03 11:47:34.697: [INFO] Profiles total count: 1
2026-08-03 11:47:34.697: [INFO] Profile: name=Pessoal path=C:\Users\Micael\Documents\telegram_to_x_project - Copia\telegram_to_x\storage\x_profile\Default lastActive=2026-08-02T20:08:10.994Z
2026-08-03 11:47:34.697: [INFO] LastUsedProfileDir: C:\Users\Micael\Documents\telegram_to_x_project - Copia\telegram_to_x\storage\x_profile\Default
2026-08-03 11:47:34.697: [INFO] MostRecentlyActiveProfile: name=Pessoal path=C:\Users\Micael\Documents\telegram_to_x_project - Copia\telegram_to_x\storage\x_profile\Default lastActive=2026-08-02T20:08:10.994Z
2026-08-03 11:47:34.697: [INFO] VisibilityChanged: 0
2026-08-03 11:47:34.727: [INFO] OnDoneLoading sync enabled: 0
2026-08-03 11:47:34.727: [INFO] BookmarkModelLoaded, ids_reassigned: 0
2026-08-03 11:47:34.727: [INFO] BookmarksLoadDropped droppedNodes=0
2026-08-03 11:47:34.727: [INFO] BookmarksSnapshot Startup total=0 bar=0 other=0 mobile=0 showBar=0 showBarNTP=1
2026-08-04 00:27:01.865: [INFO] CurrentProfilePath: C:\Users\Micael\Documents\telegram_to_x_project - Copia\telegram_to_x\storage\x_profile\Default
2026-08-04 00:27:01.865: [INFO] Profiles total count: 1
2026-08-04 00:27:01.866: [INFO] Profile: name=Pessoal path=C:\Users\Micael\Documents\telegram_to_x_project - Copia\telegram_to_x\storage\x_profile\Default lastActive=2026-08-03T11:47:34.709Z
2026-08-04 00:27:01.866: [INFO] LastUsedProfileDir: C:\Users\Micael\Documents\telegram_to_x_project - Copia\telegram_to_x\storage\x_profile\Default
2026-08-04 00:27:01.866: [INFO] MostRecentlyActiveProfile: name=Pessoal path=C:\Users\Micael\Documents\telegram_to_x_project - Copia\telegram_to_x\storage\x_profile\Default lastActive=2026-08-03T11:47:34.709Z
2026-08-04 00:27:01.866: [INFO] VisibilityChanged: 0
2026-08-04 00:27:01.893: [INFO] OnDoneLoading sync enabled: 0
2026-08-04 00:27:01.893: [INFO] BookmarkModelLoaded, ids_reassigned: 0
2026-08-04 00:27:01.893: [INFO] BookmarksLoadDropped droppedNodes=0
2026-08-04 00:27:01.893: [INFO] BookmarksSnapshot Startup total=0 bar=0 other=0 mobile=0 showBar=0 showBarNTP=1
2026-08-04 11:18:12.252: [INFO] CurrentProfilePath: C:\Users\Micael\Documents\telegram_to_x_project - Copia\telegram_to_x\storage\x_profile\Default
2026-08-04 11:18:12.252: [INFO] Profiles total count: 1
2026-08-04 11:18:12.252: [INFO] Profile: name=Pessoal path=C:\Users\Micael\Documents\telegram_to_x_project - Copia\telegram_to_x\storage\x_profile\Default lastActive=2026-08-04T00:27:01.881Z
2026-08-04 11:18:12.252: [INFO] LastUsedProfileDir: C:\Users\Micael\Documents\telegram_to_x_project - Copia\telegram_to_x\storage\x_profile\Default
2026-08-04 11:18:12.252: [INFO] MostRecentlyActiveProfile: name=Pessoal path=C:\Users\Micael\Documents\telegram_to_x_project - Copia\telegram_to_x\storage\x_profile\Default lastActive=2026-08-04T00:27:01.881Z
2026-08-04 11:18:12.252: [INFO] VisibilityChanged: 0
2026-08-04 11:18:12.279: [INFO] OnDoneLoading sync enabled: 0
2026-08-04 11:18:12.279: [INFO] BookmarkModelLoaded, ids_reassigned: 0
2026-08-04 11:18:12.279: [INFO] BookmarksLoadDropped droppedNodes=0
2026-08-04 11:18:12.279: [INFO] BookmarksSnapshot Startup total=0 bar=0 other=0 mobile=0 showBar=0 showBarNTP=1
2026-08-05 11:47:25.810: [INFO] CurrentProfilePath: C:\Users\Micael\Documents\telegram_to_x_project - Copia\telegram_to_x\storage\x_profile\Default
2026-08-05 11:47:25.810: [INFO] Profiles total count: 1
2026-08-05 11:47:25.811: [INFO] Profile: name=Pessoal path=C:\Users\Micael\Documents\telegram_to_x_project - Copia\telegram_to_x\storage\x_profile\Default lastActive=2026-08-04T11:18:12.264Z
2026-08-05 11:47:25.811: [INFO] LastUsedProfileDir: C:\Users\Micael\Documents\telegram_to_x_project - Copia\telegram_to_x\storage\x_profile\Default
2026-08-05 11:47:25.811: [INFO] MostRecentlyActiveProfile: name=Pessoal path=C:\Users\Micael\Documents\telegram_to_x_project - Copia\telegram_to_x\storage\x_profile\Default lastActive=2026-08-04T11:18:12.264Z
2026-08-05 11:47:25.811: [INFO] VisibilityChanged: 0
2026-08-05 11:47:25.836: [INFO] OnDoneLoading sync enabled: 0
2026-08-05 11:47:25.836: [INFO] BookmarkModelLoaded, ids_reassigned: 0
2026-08-05 11:47:25.836: [INFO] BookmarksLoadDropped droppedNodes=0
2026-08-05 11:47:25.836: [INFO] BookmarksSnapshot Startup total=0 bar=0 other=0 mobile=0 showBar=0 showBarNTP=1
2026-08-05 18:37:16.587: [INFO] CurrentProfilePath: C:\Users\Micael\Documents\telegram_to_x_project - Copia\telegram_to_x\storage\x_profile\Default
2026-08-05 18:37:16.587: [INFO] Profiles total count: 1
2026-08-05 18:37:16.588: [INFO] Profile: name=Pessoal path=C:\Users\Micael\Documents\telegram_to_x_project - Copia\telegram_to_x\storage\x_profile\Default lastActive=2026-08-05T11:47:25.821Z
2026-08-05 18:37:16.588: [INFO] LastUsedProfileDir: C:\Users\Micael\Documents\telegram_to_x_project - Copia\telegram_to_x\storage\x_profile\Default
2026-08-05 18:37:16.588: [INFO] MostRecentlyActiveProfile: name=Pessoal path=C:\Users\Micael\Documents\telegram_to_x_project - Copia\telegram_to_x\storage\x_profile\Default lastActive=2026-08-05T11:47:25.821Z
2026-08-05 18:37:16.588: [INFO] VisibilityChanged: 0
2026-08-05 18:37:16.610: [INFO] OnDoneLoading sync enabled: 0
2026-08-05 18:37:16.610: [INFO] BookmarkModelLoaded, ids_reassigned: 0
2026-08-05 18:37:16.610: [INFO] BookmarksLoadDropped droppedNodes=0
2026-08-05 18:37:16.610: [INFO] BookmarksSnapshot Startup total=0 bar=0 other=0 mobile=0 showBar=0 showBarNTP=1
2026-08-05 18:58:22.694: [INFO] CurrentProfilePath: C:\Users\Micael\Documents\telegram_to_x_project - Copia\telegram_to_x\storage\x_profile\Default
2026-08-05 18:58:22.694: [INFO] Profiles total count: 1
2026-08-05 18:58:22.696: [INFO] Profile: name=Pessoal path=C:\Users\Micael\Documents\telegram_to_x_project - Copia\telegram_to_x\storage\x_profile\Default lastActive=2026-08-05T18:37:16.603Z
2026-08-05 18:58:22.696: [INFO] LastUsedProfileDir: C:\Users\Micael\Documents\telegram_to_x_project - Copia\telegram_to_x\storage\x_profile\Default
2026-08-05 18:58:22.697: [INFO] MostRecentlyActiveProfile: name=Pessoal path=C:\Users\Micael\Documents\telegram_to_x_project - Copia\telegram_to_x\storage\x_profile\Default lastActive=2026-08-05T18:37:16.603Z
2026-08-05 18:58:22.697: [INFO] VisibilityChanged: 0
2026-08-05 18:58:22.722: [INFO] OnDoneLoading sync enabled: 0
2026-08-05 18:58:22.722: [INFO] BookmarkModelLoaded, ids_reassigned: 0
2026-08-05 18:58:22.722: [INFO] BookmarksLoadDropped droppedNodes=0
2026-08-05 18:58:22.722: [INFO] BookmarksSnapshot Startup total=0 bar=0 other=0 mobile=0 showBar=0 showBarNTP=1
2026-08-05 19:04:42.588: [INFO] CurrentProfilePath: C:\Users\Micael\Documents\telegram_to_x_project - Copia\telegram_to_x\storage\x_profile\Default
2026-08-05 19:04:42.588: [INFO] Profiles total count: 1
2026-08-05 19:04:42.588: [INFO] Profile: name=Pessoal path=C:\Users\Micael\Documents\telegram_to_x_project - Copia\telegram_to_x\storage\x_profile\Default lastActive=2026-08-05T18:58:22.713Z
2026-08-05 19:04:42.588: [INFO] LastUsedProfileDir: C:\Users\Micael\Documents\telegram_to_x_project - Copia\telegram_to_x\storage\x_profile\Default
2026-08-05 19:04:42.588: [INFO] MostRecentlyActiveProfile: name=Pessoal path=C:\Users\Micael\Documents\telegram_to_x_project - Copia\telegram_to_x\storage\x_profile\Default lastActive=2026-08-05T18:58:22.713Z
2026-08-05 19:04:42.588: [INFO] VisibilityChanged: 0
2026-08-05 19:04:42.605: [INFO] OnDoneLoading sync enabled: 0
2026-08-05 19:04:42.605: [INFO] BookmarkModelLoaded, ids_reassigned: 0
2026-08-05 19:04:42.605: [INFO] BookmarksLoadDropped droppedNodes=0
2026-08-05 19:04:42.605: [INFO] BookmarksSnapshot Startup total=0 bar=0 other=0 mobile=0 showBar=0 showBarNTP=1
2026-08-06 11:35:28.486: [INFO] CurrentProfilePath: C:\Users\Micael\Documents\telegram_to_x_project - Copia\telegram_to_x\storage\x_profile\Default
2026-08-06 11:35:28.486: [INFO] Profiles total count: 1
2026-08-06 11:35:28.486: [INFO] Profile: name=Pessoal path=C:\Users\Micael\Documents\telegram_to_x_project - Copia\telegram_to_x\storage\x_profile\Default lastActive=2026-08-05T19:04:42.600Z
2026-08-06 11:35:28.486: [INFO] LastUsedProfileDir: C:\Users\Micael\Documents\telegram_to_x_project - Copia\telegram_to_x\storage\x_profile\Default
2026-08-06 11:35:28.486: [INFO] MostRecentlyActiveProfile: name=Pessoal path=C:\Users\Micael\Documents\telegram_to_x_project - Copia\telegram_to_x\storage\x_profile\Default lastActive=2026-08-05T19:04:42.600Z
2026-08-06 11:35:28.486: [INFO] VisibilityChanged: 0
2026-08-06 11:35:28.509: [INFO] OnDoneLoading sync enabled: 0
2026-08-06 11:35:28.509: [INFO] BookmarkModelLoaded, ids_reassigned: 0
2026-08-06 11:35:28.509: [INFO] BookmarksLoadDropped droppedNodes=0
2026-08-06 11:35:28.509: [INFO] BookmarksSnapshot Startup total=0 bar=0 other=0 mobile=0 showBar=0 showBarNTP=1
2026-08-06 18:43:14.666: [INFO] BookmarksSnapshot Shutdown total=0 bar=0 other=0 mobile=0 showBar=0 showBarNTP=1
2026-08-06 18:43:28.243: [INFO] CurrentProfilePath: C:\Users\Micael\Documents\telegram_to_x_project - Copia\telegram_to_x\storage\x_profile\Default
2026-08-06 18:43:28.243: [INFO] Profiles total count: 1
2026-08-06 18:43:28.244: [INFO] Profile: name=Pessoal path=C:\Users\Micael\Documents\telegram_to_x_project - Copia\telegram_to_x\storage\x_profile\Default lastActive=2026-08-06T11:35:28.496Z
2026-08-06 18:43:28.244: [INFO] LastUsedProfileDir: C:\Users\Micael\Documents\telegram_to_x_project - Copia\telegram_to_x\storage\x_profile\Default
2026-08-06 18:43:28.244: [INFO] MostRecentlyActiveProfile: name=Pessoal path=C:\Users\Micael\Documents\telegram_to_x_project - Copia\telegram_to_x\storage\x_profile\Default lastActive=2026-08-06T11:35:28.496Z
2026-08-06 18:43:28.244: [INFO] VisibilityChanged: 0
2026-08-06 18:43:28.263: [INFO] OnDoneLoading sync enabled: 0
2026-08-06 18:43:28.263: [INFO] BookmarkModelLoaded, ids_reassigned: 0
2026-08-06 18:43:28.263: [INFO] BookmarksLoadDropped droppedNodes=0
2026-08-06 18:43:28.263: [INFO] BookmarksSnapshot Startup total=0 bar=0 other=0 mobile=0 showBar=0 showBarNTP=1
2026-08-07 10:04:33.960: [INFO] CurrentProfilePath: C:\Users\Micael\Documents\telegram_to_x_project - Copia\telegram_to_x\storage\x_profile\Default
2026-08-07 10:04:33.960: [INFO] Profiles total count: 1
2026-08-07 10:04:33.960: [INFO] Profile: name=Pessoal path=C:\Users\Micael\Documents\telegram_to_x_project - Copia\telegram_to_x\storage\x_profile\Default lastActive=2026-08-06T18:43:28.256Z
2026-08-07 10:04:33.960: [INFO] LastUsedProfileDir: C:\Users\Micael\Documents\telegram_to_x_project - Copia\telegram_to_x\storage\x_profile\Default
2026-08-07 10:04:33.960: [INFO] MostRecentlyActiveProfile: name=Pessoal path=C:\Users\Micael\Documents\telegram_to_x_project - Copia\telegram_to_x\storage\x_profile\Default lastActive=2026-08-06T18:43:28.256Z
2026-08-07 10:04:33.960: [INFO] VisibilityChanged: 0
2026-08-07 10:04:33.984: [INFO] OnDoneLoading sync enabled: 0
2026-08-07 10:04:33.984: [INFO] BookmarkModelLoaded, ids_reassigned: 0
2026-08-07 10:04:33.984: [INFO] BookmarksLoadDropped droppedNodes=0
2026-08-07 10:04:33.984: [INFO] BookmarksSnapshot Startup total=0 bar=0 other=0 mobile=0 showBar=0 showBarNTP=1
